// Jest Snapshot v1, https://goo.gl/fbAQLP

exports[`<HomePage /> should render and match the snapshot 1`] = `
<h1>
  <div
    class="gradientBorder__Content-sc-1igg6js-0 gcmOsG"
  >
    <div
      class="gradientBorder__Card-sc-1igg6js-2 lmgrfz"
    >
      <p
        class="gradientBorder__Text-sc-1igg6js-4 enmsHQ"
      >
        Card
      </p>
    </div>
    <div
      class="gradientBorder__Card-sc-1igg6js-2 cucYXj"
    >
      <p
        class="gradientBorder__Text-sc-1igg6js-4 enmsHQ"
      >
        Card
      </p>
    </div>
  </div>
</h1>
`;
